Fetching products from Blinkit for your location (Hyderabad)...
Found 24 products
  - Hot Wheels Fiat Beast Of Turin Die Cast Car | Price: Γé╣179
  - Hot Wheels Custom Otto Die Cast Car | Price: Γé╣179
  - Hot Wheels Barbie Dream Camper / Roulotte Die Cast Car | Price: Γé╣167
  - Hot Wheels Bullet Proof Die Cast Car | Price: Γé╣167
  - Hot Wheels 41 Willys Die Cast Car | Price: Γé╣179
